// Jest Snapshot v1, https://goo.gl/fbAQLP

exports[`Modal component Modal component exists in document 1`] = `
<body>
  <div />
  <div
    class="z-40 fixed inset-0 animate-fadeIn cursor-pointer"
  >
    <div
      class="absolute inset-0 bg-black opacity-20"
    />
  </div>
  <div
    class="bg-white dark:bg-darkLight shadow-lg shadow-[rgba(0,0,0,0.1)] rounded-3xl pt-12 pb-8 px-4 md:px-6 fixed overflow-auto animate-fadeInQuick z-50 top-1/3 w-3/4 md:w-2/4 left-1/2 transform -translate-x-1/2 -translate-y-1/2"
    data-testid="modal"
  >
    <div
      class="p-1 cursor-pointer absolute top-3 right-3"
    >
      <svg
        class="w-7 fill-slate-300"
        viewBox="0 0 24 24"
      >
        <g>
          <path
            d="M0 0h24v24H0z"
            fill="none"
          />
          <path
            d="M12 10.586l4.95-4.95 1.414 1.414-4.95 4.95 4.95 4.95-1.414 1.414-4.95-4.95-4.95 4.95-1.414-1.414 4.95-4.95-4.95-4.95L7.05 5.636z"
          />
           
        </g>
      </svg>
    </div>
  </div>
</body>
`;
